testing with no parameters:
42
testing with many parameters:
0