Outer:
0
Inner:
0
Inner:
1
Inner:
2
Inner:
3
Inner:
4
Inner:
5
Inner:
6
Inner:
7
Inner:
8
Inner:
9
Outer:
1
Inner:
1
Inner:
2
Inner:
3
Inner:
4
Inner:
5
Inner:
6
Inner:
7
Inner:
8
Inner:
9
Outer:
2
Inner:
2
Inner:
3
Inner:
4
Inner:
5
Inner:
6
Inner:
7
Inner:
8
Inner:
9
Outer:
3
Inner:
3
Inner:
4
Inner:
5
Inner:
6
Inner:
7
Inner:
8
Inner:
9
Outer:
4
Inner:
4
Inner:
5
Inner:
6
Inner:
7
Inner:
8
Inner:
9