bla
hi
hello
@!#$*(YW(EF*H))
\rwow\twow\nwow\rwow\twow\nwow
11234569097654